// Jest Snapshot v1, https://goo.gl/fbAQLP

exports[`App should render successfully 1`] = `
<BrowserRouter>
  <div
    className="App"
  >
    <Header />
    <HomePage />
    <Switch>
      <Route
        component={[Function]}
        exact={true}
        path="/loc"
      />
    </Switch>
  </div>
</BrowserRouter>
`;
